// Jest Snapshot v1, https://goo.gl/fbAQLP

exports[`calculateContentHash falls back to whole-file read when stat/read fail 1`] = `"sha256|f2e2c6db1745cc40df646dc40c385487c36e4ceb3f1d5c8d6ad1f7620af1ebae"`;

exports[`calculateContentHash hashes via streaming 1`] = `"sha256|c3ab8ff13720e8ad9047dd39466b3c8974e592c2fa383d4a3960714caef0c4f2"`;
